// Jest Snapshot v1, https://goo.gl/fbAQLP

exports[`draws contributions correctly 1`] = `"data:image/png;base64,iVBORw0KGgoAAAANSUhEUgAAAqQAAARyCAYAAABx8eehAAAABmJLR0QA/wD/AP+gvaeTAAAenklEQVR4nO3dMWtU34PH4XGx2N1GEKvYWuQVCIKvJmCfwjJlSgt7Ia9GEHwFKWxNJYLN7nazzRbLr5B7879nPudmnqf+MtxMZpIPpznPjsfj8QAAAJF/qx8AAIDzJkgBAEgJUgAAUoIUAICUIAUAICVIAQBICVIAAFKCFACAlCAFACAlSAEASAlSAABSghQAgJQgBQAgJUgBAEgJUgAAUoIUAICUIAUAICVIAQBICVIAAFKCFACAlCAFACAlSAEASAlSAABSghQAgNTz+gEAAEb49fvPot2rly8Oh8Ph8O3np0X7d68/Hg6Hw+Hm+/Wi/e3bz4fD4XB48+X9ov2PD18Ph8PhcHF1uWj/cHe/aDczJ6QAAKQEKQAAKUEKAEBKkAIAkBKkAACkBCkAAClBCgBASpACAJASpAAApJ4dj8dj/RAAAJwvJ6QAAKQEKQAAKUEKAEBKkAIAkBKkAACkBCkAAClBCgBASpACAJASpAAApAQpAAApQQoAQEqQAgCQEqQAAKQEKQAAKUEKAEBKkAIAkBKkAACkBCkAAClBCgBASpACAJASpAAApAQpAAApQQoAQEqQAgCQEqQAAKQEKQAAKUEKAEBKkAIAkHq+9Qv+13//z9YvCQDARP7zP/5909dzQgoAQOrZ8Xg81g8BAMD5ckIKAEBKkAIAkBKkAACkBCkAAClBCgBASpACAJASpAAApAQpAAApQQoAQEqQAgCQEqQAAKQEKQAAKUEKAEBKkAIAkBKkAACkBCkAAClBCgBASpACAJASpAAApAQpAAApQQoAQEqQAgCQEqQAAKQEKQAAKUEKAEBKkAIAkBKkAACkBCkAAClBCgBASpACAJASpAAApAQpAAApQQoAQEqQAgCQEqQAAKQEKQAAKUEKAEBKkAIAkHq+9Qt++/lp0e7d648n2f/6/WfR/tXLFyd5npvv14v2t28/n+R5Zns/174/a59n9Ouv/XnffHm/aP/jw9dFOwDYIyekAACkBCkAAClBCgBASpACAJASpAAApAQpAAApQQoAQEqQAgCQEqQAAKSeHY/HY/0QAACcLyekAACknvxd9qPvFh99V/va/cXV5aL9w939o15/tt/XuT0/ADxFTkgBAEgJUgAAUoIUAICUIAUAICVIAQBICVIAAFKCFACAlCAFACAlSAEASLnLHgCAlBNSAABSm99lP/ou+NF3ha99/tF3049+nrWv/+v3n0X7Vy9fPGo/2+dh9POsff8B4ClyQgoAQEqQAgCQEqQAAKQEKQAAKUEKAEBKkAIAkBKkAACkBCkAAClBCgBAyl32AACknJACAJDK77Kf7W7x0c+z95/XXfZ/f/21P+/F1eWi/cPd/aIdAOyRE1IAAFKCFACAlCAFACAlSAEASAlSAABSghQAgJQgBQAgJUgBAEgJUgAAUu6yBwAg5YQUAIDU5nfZj76LfPT+zZf3i/Y/Pnx91OuvvUt97X7088921/zon3ft3fRr92ufHwCeIiekAACkBCkAAClBCgBASpACAJASpAAApAQpAAApQQoAQEqQAgCQEqQAAKTcZQ8AQMoJKQAAqc3vsh99V/va/dq7xde+/ui72md7/nPbj37/AQAnpAAAxAQpAAApQQoAQEqQAgCQEqQAAKQEKQAAKUEKAEBKkAIAkBKkAACk3GUPAEDKCSkAAKnN77Kf7W7x0c+z9u7y0XfN7/0u+9F3x8/2PACAE1IAAGKCFACAlCAFACAlSAEASAlSAABSghQAgJQgBQAgJUgBAEgJUgAAUu6yBwAg5YQUAICUIAUAICVIAQBICVIAAFKCFACAlCAFACAlSAEASAlSAABSghQAgJQgBQAgJUgBAEgJUgAAUoIUAICUIAUAICVIAQBICVIAAFKCFACAlCAFACAlSAEASAlSAABSghQAgJQgBQAgJUgBAEgJUgAAUoIUAICUIAUAICVIAQBICVIAAFKCFACAlCAFACAlSAEASAlSAABSghQAgJQgBQAgJUgBAEgJUgAAUoIUAICUIAUAICVIAQBICVIAAFKCFACAlCAFACAlSAEASAlSAABSghQAgJQgBQAgJUgBAEgJUgAAUs+3fsFvPz8t2r17/fEs9zffrxftb99+PhwOh8Ov338W7V+9fPGo15/t553ted58eb9o/+PD15M8z7l9nvf+fu795137/KP3s73/o59nts/z2v3av5+j/574PPz9eWpOSAEASAlSAABSghQAgJQgBQAgJUgBAEgJUgAAUoIUAICUIAUAICVIAQBIPTsej8f6IQAAOF9OSAEASG1+l/3ou1b3frfvbHeLj96Pvst4trvpZ/v97v31Z/v9zvb+jL5bfPRd23v/Po6+u3y2z/NszzPb73e2z/Paz1vNCSkAAClBCgBASpACAJASpAAApAQpAAApQQoAQEqQAgCQEqQAAKQEKQAAKXfZAwCQckIKAEBqd3fZz7YffdfzbD/vbM+/9u7g2e4iH/38s+1Hv5/ntp/tLvu9/z2Zbb/3u+NH/z28uLpctH+4u3/U86z9edc+z2y/r5oTUgAAUoIUAICUIAUAICVIAQBICVIAAFKCFACAlCAFACAlSAEASAlSAABS7rIHACDlhBQAgNTmd9nPdjfrue1nuwt7trvLZ3v/R7+fs31+Zvt9zfb7Hf35H32X/Wy/37XPP3o/2/sz2/d9tucZ/f9x7edn9Oeh5oQUAICUIAUAICVIAQBICVIAAFKCFACAlCAFACAlSAEASAlSAABSghQAgJS77AEASDkhBQAgld9lb7/tfu1duhdXl4v2D3f3j9rPdjf3ud0tvve7p0f/vka//trvy2x/T2a7q33053+2u8Vnu8t+tvdn9Pfx3D7PNSekAACkBCkAAClBCgBASpACAJASpAAApAQpAAApQQoAQEqQAgCQEqQAAKTcZQ8AQMoJKQAAKXfZn3i/9m7Z2e6SXnv392zv/2x3K8929/Ho3+/o92f0z7t2P9v3ce1+tr8/s92lPtvz7P0u+71/H0e/n6P/PteckAIAkBKkAACkBCkAAClBCgBASpACAJASpAAApAQpAAApQQoAQEqQAgCQcpc9AAApJ6QAAKTcZf+P/d7vmj+3/dr3c7a7jEffTXxu7//e97PdjT76ec7t9Uf/vxi9n+3zOfr5Z/t5R+9rTkgBAEgJUgAAUoIUAICUIAUAICVIAQBICVIAAFKCFACAlCAFACAlSAEASLnLHgCAlBNSAABSghQAgJQgBQAgJUgBAEgJUgAAUoIUAICUIAUAICVIAQBICVIAAFKCFACAlCAFACAlSAEASAlSAABSghQAgJQgBQAgJUgBAEgJUgAAUoIUAICUIAUAICVIAQBICVIAAFKCFACAlCAFACAlSAEASAlSAABSghQAgJQgBQAgJUgBAEgJUgAAUoIUAICUIAUAICVIAQBICVIAAFKCFACAlCAFACAlSAEASAlSAABSghQAgJQgBQAgJUgBAEgJUgAAUoIUAICUIAUAICVIAQBICVIAAFKCFACAlCAFACAlSAEASD3f+gV//f6zaPfq5YvD4XA43Hy/XrS/ffv5JK9/cXW5aP9wd3+S11/78377+WnR/t3rjyfZj37+te/n2v3on9d+2/1s38c3X94v2v/48PVwOMz3fRz993m255nt/Z/t/Vn7+rP9/137fRz9/LP9v177/mzNCSkAAClBCgBASpACAJASpAAApAQpAAApQQoAQEqQAgCQEqQAAKQEKQAAqWfH4/FYPwQAAOfLCSkAAKnN77Lf+13Ao++edhfz3/ej38/Z7g6e7S74ve9n+zzM9jx7/33N9vyzvf+jn2fvd9nv/fu7dr/2/Vz7+ltzQgoAQEqQAgCQEqQAAKQEKQAAKUEKAEBKkAIAkBKkAACkBCkAAClBCgBAyl32AACknJACAJDa/C772e4anu0u9dme/9zuYp7t57Xfdr/33+/o7++bL+8X7X98+Pqo1x99N/q5/X5nu2t+9Odt9H627+Po3hj9+92aE1IAAFKCFACAlCAFACAlSAEASAlSAABSghQAgJQgBQAgJUgBAEgJUgAAUu6yBwAg5YQUAIBUfpf96LtWR+8vri4X7R/u7h/1+nu/63m2u+lne3/st93P9v0a/Tzn9n3Z+9+TvT//2v93o+9en23/5sv7RfsfH74+6vVH/z1Zu9+aE1IAAFKCFACAlCAFACAlSAEASAlSAABSghQAgJQgBQAgJUgBAEgJUgAAUu6yBwAg5YQUAIBUfpf96Lt6Z7tbdrb3Z7a7kmd7ntl+v+e2H323+2zf99nutp7t87D37+Nsfw9nu6t99POM/vs/+nlm+3m35oQUAICUIAUAICVIAQBICVIAAFKCFACAlCAFACAlSAEASAlSAABSghQAgJS77AEASDkhBQAgtbu77EfvL64uF+0f7u4Ph8N8dyvP9jyz3XW+9i7g2X7e0Z+Hc/v8zPb5HP08s92FfW5/32Z7P2d7/rWfz9F//2f7vozer30/t+aEFACAlCAFACAlSAEASAlSAABSghQAgJQgBQAgJUgBAEgJUgAAUoIUAICUu+wBAEg5IQUAILW7u+xH3zU/+u7Xvd+FfW53bc92l/Te96O/X7Pdpb728zzb3eKj//7M9vyzfd9Hvz+j/5+uff993vb1PFtzQgoAQEqQAgCQEqQAAKQEKQAAKUEKAEBKkAIAkBKkAACkBCkAAClBCgBAyl32AACknJACAJASpAAApAQpAAApQQoAQEqQAgCQEqQAAKQEKQAAKUEKAEBKkAIAkBKkAACkBCkAAClBCgBASpACAJASpAAApAQpAAApQQoAQEqQAgCQEqQAAKQEKQAAKUEKAEBKkAIAkBKkAACkBCkAAClBCgBASpACAJASpAAApAQpAAApQQoAQEqQAgCQEqQAAKQEKQAAKUEKAEBKkAIAkBKkAACkBCkAAClBCgBASpACAJASpAAApAQpAAApQQoAQEqQAgCQEqQAAKQEKQAAKUEKAEBKkAIAkBKkAACkBCkAAClBCgBA6vnWL/jr959Fu1cvX9jb25/Z/tvPT4v2715/PMnz2D/t/Zsv7xftf3z4+qjXv/l+vWh/+/bzo15/tu/LbM8z+ve79vUvri4X7R/u7h/1PKM/b2v3W3NCCgBASpACAJASpAAApAQpAAApQQoAQEqQAgCQEqQAAKQEKQAAKUEKAEDq2fF4PNYPAQDA+XJCCgBAyl329vYb7me763n0fu3dyrO9P2ufZ7bnt992f26/37U/7+i71Gd7/8/t78Pa59+aE1IAAFKCFACAlCAFACAlSAEASAlSAABSghQAgJQgBQAgJUgBAEgJUgAAUu6yBwAg5YQUAICUu+zt7e2n3Z/b3dn22+7ffHm/aP/jw9dH7Wf7eWf7fu19v/e77Ec/z9ackAIAkBKkAACkBCkAAClBCgBASpACAJASpAAApAQpAAApQQoAQEqQAgCQcpc9AAApJ6QAAKTcZW9v/5e9u57/vl97V/K53RVub28/z3703fSz3WU/+v/X1pyQAgCQEqQAAKQEKQAAKUEKAEBKkAIAkBKkAACkBCkAAClBCgBASpACAJBylz0AACknpAAApNxl/4+9u7btz3l/cXW5aP9wd/+o15/trufZ9t6fbfej7/I+t73P5772o/+eb80JKQAAKUEKAEBKkAIAkBKkAACkBCkAAClBCgBASpACAJASpAAApAQpAAApd9kDAJByQgoAQMpd9v/Yu/vY/pz3o++qHv36vr/2/3/v7vV97f39+fvrj36emhNSAABSghQAgJQgBQAgJUgBAEgJUgAAUoIUAICUIAUAICVIAQBICVIAAFLusgcAIOWEFACA1O7ust/7Xbd733t/nvZ+7e937V3Jvr9/3892F/be9xdXl4v2D3f3J3meve9Hfz5n+/sw29+30fuaE1IAAFKCFACAlCAFACAlSAEASAlSAABSghQAgJQgBQAgJUgBAEgJUgAAUu6yBwAg5YQUAICUIAUAICVIAQBICVIAAFKCFACAlCAFACAlSAEASAlSAABSghQAgJQgBQAgJUgBAEgJUgAAUoIUAICUIAUAICVIAQBICVIAAFKCFACAlCAFACAlSAEASAlSAABSghQAgJQgBQAgJUgBAEgJUgAAUoIUAICUIAUAICVIAQBICVIAAFKCFACAlCAFACAlSAEASAlSAABSghQAgJQgBQAgJUgBAEgJUgAAUoIUAICUIAUAICVIAQBICVIAAFKCFACAlCAFACAlSAEASAlSAABSghQAgJQgBQAgJUgBAEgJUgAAUs+3fsFfv/8s2r16+eJR+4ury0X7h7v7kzyPvb29/VZ7f9/s7e33st+aE1IAAFKCFACAlCAFACAlSAEASAlSAABSghQAgJQgBQAgJUgBAEgJUgAAUs+Ox+OxfggAAM6XE1IAAFK7u8ve3v6c9zffrxftb99+PsnznNve+29vb2/vLnsAAJ4gQQoAQEqQAgCQEqQAAKQEKQAAKUEKAEBKkAIAkBKkAACkBCkAACl32QMAkHJCCgBAyl329vb29vb29vb2q/Zbc0IKAEBKkAIAkBKkAACkBCkAAClBCgBASpACAJASpAAApAQpAAApQQoAQMpd9gAApJyQAgCQcpe9vf2G+5vv14v2t28/n+R57O3t7e3tR+y35oQUAICUIAUAICVIAQBICVIAAFKCFACAlCAFACAlSAEASAlSAABSghQAgJS77AEASDkhBQAg5S57e3t7e3t7e/sz39eckAIAkBKkAACkBCkAAClBCgBASpACAJASpAAApAQpAAApQQoAQEqQAgCQcpc9AAApJ6QAAKTcZW8/1f7m+/Wi/e3bzyd5Hnt7e3t7+3PY15yQAgCQEqQAAKQEKQAAKUEKAEBKkAIAkBKkAACkBCkAAClBCgBASpACAJBylz0AACknpAAApNxlb29vb29vb28/+f7m+/Wi/e3bz496/ZoTUgAAUoIUAICUIAUAICVIAQBICVIAAFKCFACAlCAFACAlSAEASAlSAABS7rIHACDlhBQAgJQgBQAgJUgBAEgJUgAAUoIUAICUIAUAICVIAQBICVIAAFKCFACAlCAFACAlSAEASAlSAABSghQAgJQgBQAgJUgBAEgJUgAAUoIUAICUIAUAICVIAQBICVIAAFKCFACAlCAFACAlSAEASAlSAABSghQAgJQgBQAgJUgBAEgJUgAAUoIUAICUIAUAICVIAQBICVIAAFKCFACAlCAFACAlSAEASAlSAABSghQAgJQgBQAgJUgBAEgJUgAAUoIUAICUIAUAICVIAQBICVIAAFKCFACAlCAFACAlSAEASAlSAABSz7d+wV+//yzavXr5wv4M9t9+flq0f/f640mex97eftx+tu/7bM9j//f9zffrRfvbt59P8jz2f99vzQkpAAApQQoAQEqQAgCQEqQAAKQEKQAAKUEKAEBKkAIAkBKkAACkBCkAAKlnx+PxWD8EAADnywkpAACpJ3+X/dq7jN19bG9vb/809v6e72vv97Wv/dackAIAkBKkAACkBCkAAClBCgBASpACAJASpAAApAQpAAApQQoAQEqQAgCQcpc9AAApJ6QAAKTcZf9/3GVvb29vb29vb79svzUnpAAApAQpAAApQQoAQEqQAgCQEqQAAKQEKQAAKUEKAEBKkAIAkBKkAACk3GUPAEDKCSkAAKknf5e9vb29vb29vb393/c1J6QAAKQEKQAAKUEKAEBKkAIAkBKkAACkBCkAAClBCgBASpACAJASpAAApNxlDwBAygkpAAApd9nbT7X/9vPTov271x9P8jz29vbj9hdXl4v2D3f3J3kee/tz3teckAIAkBKkAACkBCkAAClBCgBASpACAJASpAAApAQpAAApQQoAQEqQAgCQcpc9AAApJ6QAAKSe/F32b768X7T/8eHrSZ7H3t7efqv9zffrRfvbt59P8jyj999+flq0f/f640me5+LqctH+4e7+JM9jb/+v7GtOSAEASAlSAABSghQAgJQgBQAgJUgBAEgJUgAAUoIUAICUIAUAICVIAQBIucseAICUE1IAAFJP/i57e3t7e3v7EftvPz8t2r97/fEkz2Nv/6/sa05IAQBICVIAAFKCFACAlCAFACAlSAEASAlSAABSghQAgJQgBQAgJUgBAEi5yx4AgJQTUgAAUoIUAICUIAUAICVIAQBICVIAAFKCFACAlCAFACAlSAEASAlSAABSghQAgJQgBQAgJUgBAEgJUgAAUoIUAICUIAUAICVIAQBICVIAAFKCFACAlCAFACAlSAEASAlSAABSghQAgJQgBQAgJUgBAEgJUgAAUoIUAICUIAUAICVIAQBICVIAAFKCFACAlCAFACAlSAEASAlSAABSghQAgJQgBQAgJUgBAEgJUgAAUoIUAICUIAUAICVIAQBICVIAAFKCFACAlCAFACAlSAEASAlSAABSghQAgJQgBQAgJUgBAEg93/oFf/3+s2j36uULe3t7e3t7e3v7He635oQUAICUIAUAICVIAQBICVIAAFKCFACAlCAFACAlSAEASAlSAABSghQAgNSz4/F4rB8CAIDz5YQUAICUu+zt7e3t7e3t7e1X7bfmhBQAgJQgBQAgJUgBAEgJUgAAUoIUAICUIAUAICVIAQBICVIAAFKCFACAlLvsAQBIOSEFACDlLnt7e3t7e3t7+zPf15yQAgCQEqQAAKQEKQAAKUEKAEBKkAIAkBKkAACkBCkAAClBCgBASpACAJBylz0AACknpAAApNxlb29vb29v/wT2F1eXi/YPd/cneR77fe1rTkgBAEgJUgAAUoIUAICUIAUAICVIAQBICVIAAFKCFACAlCAFACAlSAEASLnLHgCAlBNSAABS7rK3n2rvLmZ7e3t7+yX7m+/Xi/a3bz+f5Hn2vq85IQUAICVIAQBICVIAAFKCFACAlCAFACAlSAEASAlSAABSghQAgJQgBQAg5S57AABSTkgBAEhtfpe9u8jt7e3t7c9hP9td6v7/2v8r+5oTUgAAUoIUAICUIAUAICVIAQBICVIAAFKCFACAlCAFACAlSAEASAlSAABS7rIHACDlhBQAgNTmd9nPdjervb29vb29vb393/c1J6QAAKQEKQAAKUEKAEBKkAIAkBKkAACkBCkAAClBCgBASpACAJASpAAApNxlDwBAygkpAAApQQoAQEqQAgCQEqQAAKQEKQAAKUEKAEBKkAIAkBKkAACkBCkAAClBCgBASpACAJASpAAApAQpAAApQQoAQEqQAgCQEqQAAKQEKQAAKUEKAEBKkAIAkBKkAACkBCkAAClBCgBASpACAJASpAAApAQpAAApQQoAQEqQAgCQEqQAAKQEKQAAKUEKAEBKkAIAkBKkAACkBCkAAClBCgBASpACAJASpAAApAQpAAApQQoAQEqQAgCQEqQAAKQEKQAAKUEKAEBKkAIAkBKkAACkBCkAAClBCgBASpACAJASpAAApJ5v/YK/fv9ZtHv18oW9vb29vb29vf0O91tzQgoAQEqQAgCQEqQAAKQEKQAAKUEKAEBKkAIAkBKkAACkBCkAAClBCgBA6tnxeDzWDwEAwPlyQgoAQMpd9vb29vb29vb29qv2W3NCCgBASpACAJASpAAApAQpAAApQQoAQEqQAgCQEqQAAKQEKQAAKUEKAEDKXfYAAKSckAIAkHKXvb29vb29vb29/ar91pyQAgCQEqQAAKQEKQAAKUEKAEBKkAIAkBKkAACkBCkAAClBCgBASpACAJBylz0AACknpAAApNxlb2+/o/3F1eWi/cPd/Umex/5p77/9/LRo/+71x5M8j729/Tz7rTkhBQAgJUgBAEgJUgAAUoIUAICUIAUAICVIAQBICVIAAFKCFACAlCAFACDlLnsAAFJOSAEASLnL3t5+R/s3X94v2v/48PUkz2Nvb29vf577rTkhBQAgJUgBAEgJUgAAUoIUAICUIAUAICVIAQBICVIAAFKCFACAlCAFACDlLnsAAFJOSAEASLnL3t5+R/tvPz8t2r97/fEkz2Nv/5T2F1eXi/YPd/cneR77fe3X/n2++X69aH/79vOjnsdd9gAAsIIgBQAgJUgBAEgJUgAAUoIUAICUIAUAICVIAQBICVIAAFKCFACAlLvsAQBIOSEFACDlLnt7+x3t3WVvbz9u7/tlb798vzUnpAAApAQpAAApQQoAQEqQAgCQEqQAAKQEKQAAKUEKAEBKkAIAkBKkAACk3GUPAEDKCSkAAClBCgBASpACAJASpAAApAQpAAApQQoAQEqQAgCQEqQAAKQEKQAAKUEKAEBKkAIAkBKkAACkBCkAAClBCgBASpACAJASpAAApAQpAAApQQoAQEqQAgCQEqQAAKQEKQAAKUEKAEBKkAIAkBKkAACkBCkAAClBCgBASpACAJASpAAApAQpAAApQQoAQEqQAgCQEqQAAKQEKQAAqf8FYlSsEgfMTn4AAAAASUVORK5CYII="`;
